uv : Creating test database for alias 'default'...
At line:1 char:1
+ uv run python manage.py test publications > test_output.txt 2>&1
+ ~~~~~~~~~~~~~~~~~~~~~~~~~~~~~~~~~~~~~~~~~~~~~~~~~~~~~~~~~~~~~~~~
    + CategoryInfo          : NotSpecified: (Creating test d...as 'default'...:String) [], RemoteException
    + FullyQualifiedErrorId : NativeCommandError
 

F.
======================================================================
FAIL: test_publication_detail (publications.tests.PublicationTests.test_publication_detail)
----------------------------------------------------------------------
Traceback (most recent call last):
  File "C:\Users\nwoki\Desktop\kiri\publications\tests.py", line 28, in test_publication_detail
    self.assertContains(response, 'v1')
AssertionError: False is not true : Couldn't find 'v1' in the following response
b'\n\n<!DOCTYPE html>\n<html lang="en" class="h-full">\n\n<head>\n    <meta charset="UTF-8">\n    <meta 
name="viewport" content="width=device-width, initial-scale=1.0, maximum-scale=1.0, user-scalable=no">\n    
<title>Research Paper | Kiri Library</title>\n    <meta name="description"\n        content="The operating system for 
modern research. Join the Colosseum.">\n\n    <!-- Fonts: Inter + JetBrains Mono -->\n    <link rel="preconnect" 
href="https://fonts.googleapis.com">\n    <link rel="preconnect" href="https://fonts.gstatic.com" crossorigin>\n    
<link\n        href="https://fonts.googleapis.com/css2?family=Inter:wght@400;500;600;700&family=JetBrains+Mono:wght@400
;500&family=Outfit:wght@500;700&display=swap"\n        rel="stylesheet">\n\n    <!-- Font Awesome -->\n    <link 
rel="stylesheet" href="https://cdnjs.cloudflare.com/ajax/libs/font-awesome/6.4.0/css/all.min.css">\n\n    <!-- 
Cloudflare Turnstile -->\n    <script src="https://challenges.cloudflare.com/turnstile/v0/api.js" async 
defer></script>\n\n    <!-- Pyodide (WASM Python) -->\n    <script 
src="https://cdn.jsdelivr.net/pyodide/v0.25.0/full/pyodide.js"></script>\n\n    <!-- Tailwind (Output) -->\n    <link 
rel="stylesheet" href="/static/css/output.d64552f6f2de.css">\n\n    <!-- Theme Init -->\n    <script>\n        if 
(localStorage.theme === \'dark\' || (!(\'theme\' in localStorage) && window.matchMedia(\'(prefers-color-scheme: 
dark)\').matches)) {\n            document.documentElement.classList.add(\'dark\');\n            
document.documentElement.setAttribute(\'data-theme\', \'dark\');\n        } else {\n            
document.documentElement.classList.remove(\'dark\');\n            
document.documentElement.setAttribute(\'data-theme\', \'light\');\n        }\n    </script>\n\n    <!-- Path to 
manifest.json -->\n<link rel="manifest" href="/manifest.json">\n\n<!-- Add to homescreen for Chrome on Android 
-->\n<meta name="mobile-web-app-capable" content="yes">\n<meta name="application-name" content="Kiri Research 
Labs">\n\n\n<!-- Chrome for Android theme color -->\n<meta name="theme-color" content="#2E9A4F">\n\n<!-- Add to 
homescreen for Safari on iOS -->\n<meta name="apple-mobile-web-app-capable" content="yes">\n<meta 
name="apple-mobile-web-app-title" content="Kiri Research Labs">\n<meta name="apple-mobile-web-app-status-bar-style" 
content="default">\n\n\n    \n        <link rel="apple-touch-icon" href="/static/images/icons/icon-192x192.png" 
sizes="192x192">\n    \n        <link rel="apple-touch-icon" href="/static/images/icons/icon-512x512.png" 
sizes="512x512">\n    \n\n\n\n\n<link href="/static/images/icons/splash-640x1136.png" media="(device-width: 320px) and 
(device-height: 568px) and (-webkit-device-pixel-ratio: 2)" rel="apple-touch-startup-image"/>\n\n<link 
href="/static/images/icons/splash-750x1334.png" media="(device-width: 375px) and (device-height: 667px) and 
(-webkit-device-pixel-ratio: 2)" rel="apple-touch-startup-image"/>\n\n<link 
href="/static/images/icons/splash-1242x2208.png" media="(device-width: 621px) and (device-height: 1104px) and 
(-webkit-device-pixel-ratio: 3)" rel="apple-touch-startup-image"/>\n\n<link 
href="/static/images/icons/splash-1125x2436.png" media="(device-width: 375px) and (device-height: 812px) and 
(-webkit-device-pixel-ratio: 3)" rel="apple-touch-startup-image"/>\n\n<link 
href="/static/images/icons/splash-828x1792.png" media="(device-width: 414px) and (device-height: 896px) and 
(-webkit-device-pixel-ratio: 2)" rel="apple-touch-startup-image"/>\n\n<link 
href="/static/images/icons/splash-1242x2688.png" media="(device-width: 414px) and (device-height: 896px) and 
(-webkit-device-pixel-ratio: 3)" rel="apple-touch-startup-image"/>\n\n<link 
href="/static/images/icons/splash-1536x2048.png" media="(device-width: 768px) and (device-height: 1024px) and 
(-webkit-device-pixel-ratio: 2)" rel="apple-touch-startup-image"/>\n\n<link 
href="/static/images/icons/splash-1668x2224.png" media="(device-width: 834px) and (device-height: 1112px) and 
(-webkit-device-pixel-ratio: 2)" rel="apple-touch-startup-image"/>\n\n<link 
href="/static/images/icons/splash-1668x2388.png" media="(device-width: 834px) and (device-height: 1194px) and 
(-webkit-device-pixel-ratio: 2)" rel="apple-touch-startup-image"/>\n\n<link 
href="/static/images/icons/splash-2048x2732.png" media="(device-width: 1024px) and (device-height: 1366px) and 
(-webkit-device-pixel-ratio: 2)" rel="apple-touch-startup-image"/>\n\n\n\n<!-- Tile for Win8 -->\n<meta 
name="msapplication-TileColor" content="#0F2F1B">\n\n<meta name="msapplication-TileImage" 
content="/static/images/icons/icon-512x512.png">\n\n\n<link rel="icon" sizes="512x512" 
href="/static/images/icons/icon-512x512.png">\n\n\n<script type="text/javascript">\n    // Initialize the service 
worker\n    if (\'serviceWorker\' in navigator) {\n        navigator.serviceWorker.register(\'/serviceworker.js\', {\n 
           scope: \'/\'\n        }).then(function (registration) {\n            // Registration was successful\n       
     \n            console.log(\'django-pwa: ServiceWorker registration successful with scope: \', 
registration.scope);\n            \n        }, function (err) {\n            // registration failed :(\n            \n 
           console.log(\'django-pwa: ServiceWorker registration failed: \', err);\n            \n        });\n    
}\n</script>\n\n    \n</head>\n\n<body\n    class="h-full bg-bg-primary text-text-primary font-sans antialiased 
selection:bg-brand selection:text-white dark:bg-dark-bg dark:text-dark-text overflow-hidden flex">\n\n    <!-- Desktop 
Sidebar -->\n    \n<aside\n    class="hidden md:flex flex-col w-64 h-screen sticky top-0 bg-bg-primary border-r 
border-border shrink-0 z-40 transition-colors duration-300 dark:bg-dark-bg dark:border-dark-border">\n    <!-- Logo 
Area -->\n    <div class="h-16 flex items-center px-6 border-b border-border dark:border-dark-border">\n        <a 
href="/" class="flex items-center gap-3 group">\n            <div\n                class="w-8 h-8 bg-brand text-white 
flex items-center justify-center font-bold font-display rounded-sm dark:bg-white dark:text-black hover:scale-105 
transition-transform">\n                K\n            </div>\n            <span\n                class="font-display 
font-bold text-lg tracking-tight text-text-primary dark:text-dark-text group-hover:text-accent transition-colors">\n   
             KIRI\n            </span>\n        </a>\n    </div>\n\n    <!-- Main Navigation -->\n    <nav 
class="flex-1 overflow-y-auto py-6 px-3 space-y-1">\n\n        <!-- District 0: Core -->\n        <a href="/"\n        
    class="flex items-center gap-3 px-3 py-2 rounded-md text-sm font-medium text-text-secondary hover:bg-bg-tertiary 
hover:text-text-primary transition-all dark:text-dark-secondary dark:hover:bg-dark-surface dark:hover:text-white\n     
      ">\n            <i class="fas fa-home w-5 text-center opacity-70"></i>\n            <span>Home</span>\n        
</a>\n\n        <!-- District 1: Library -->\n        <a href="/library/"\n            class="flex items-center gap-3 
px-3 py-2 rounded-md text-sm font-medium text-text-secondary hover:bg-bg-tertiary hover:text-text-primary 
transition-all dark:text-dark-secondary dark:hover:bg-dark-surface dark:hover:text-white\n           ">\n            
<i class="fas fa-book w-5 text-center opacity-70"></i>\n            <span>Library</span>\n        </a>\n\n        <!-- 
District 2: Colosseum -->\n        <a href="/colosseum/"\n            class="flex items-center gap-3 px-3 py-2 
rounded-md text-sm font-medium text-text-secondary hover:bg-bg-tertiary hover:text-text-primary transition-all 
dark:text-dark-secondary dark:hover:bg-dark-surface dark:hover:text-white\n            ">\n            <i class="fas 
fa-trophy w-5 text-center opacity-70"></i>\n            <span>Colosseum</span>\n        </a>\n\n        <!-- Tools 
-->\n        <a href="#"\n            class="flex items-center gap-3 px-3 py-2 rounded-md text-sm font-medium 
text-text-secondary hover:bg-bg-tertiary hover:text-text-primary transition-all dark:text-dark-secondary 
dark:hover:bg-dark-surface dark:hover:text-white">\n            <i class="fas fa-microchip w-5 text-center 
opacity-70"></i>\n            <span>Tools</span>\n        </a>\n\n        <!-- Divider -->\n        <div class="my-4 
border-t border-border dark:border-dark-border mx-3"></div>\n\n        <!-- HOT Section (Dynamic) -->\n        <div 
class="px-3 mb-2">\n            <div\n                class="text-xs font-mono font-bold text-text-tertiary uppercase 
tracking-wider dark:text-dark-secondary flex items-center gap-2">\n                <i class="fas fa-fire 
text-orange-500"></i> HOT\n            </div>\n        </div>\n\n        <!-- Placeholder for HOT items (HTMX load 
later) -->\n        <div id="hot-projects-list" class="space-y-1">\n            <a href="#"\n                
class="block px-3 py-1.5 text-sm text-text-secondary hover:text-text-primary truncate transition-colors 
dark:text-dark-secondary dark:hover:text-white">\n                \xe2\x80\xa2 Project Alpha\n            </a>\n       
     <a href="#"\n                class="block px-3 py-1.5 text-sm text-text-secondary hover:text-text-primary 
truncate transition-colors dark:text-dark-secondary dark:hover:text-white">\n                \xe2\x80\xa2 Neural 
Bloom\n            </a>\n        </div>\n\n    </nav>\n\n    <!-- User Section -->\n    <div class="p-4 border-t 
border-border dark:border-dark-border bg-bg-secondary dark:bg-dark-surface">\n        \n        <a 
href="/accounts/login/"\n            class="flex items-center justify-center w-full px-4 py-2 border border-brand 
text-brand hover:bg-brand hover:text-white rounded-md text-sm font-medium transition-all dark:border-white 
dark:text-white dark:hover:bg-white dark:hover:text-black">\n            <i class="fab fa-github mr-2"></i> Join 
Kiri\n        </a>\n        \n\n        <!-- Theme Toggle (Mini) -->\n        <button id="theme-toggle-sidebar"\n      
      class="mt-3 w-full flex items-center justify-center gap-2 text-xs text-text-tertiary hover:text-text-primary 
dark:text-dark-secondary dark:hover:text-white transition-colors">\n            <i class="fas fa-moon"></i> <span>Dark 
Mode</span>\n        </button>\n    </div>\n</aside>\n\n    <!-- Main Content Area -->\n    <div class="flex-1 flex 
flex-col h-screen overflow-hidden relative">\n\n        <!-- Mobile Header (Visible only on mobile) -->\n        
<header\n            class="md:hidden h-14 border-b border-border bg-white/80 backdrop-blur z-30 flex items-center 
justify-between px-4 sticky top-0 dark:bg-dark-surface/80 dark:border-dark-border">\n            <a href="/" 
class="font-display font-bold text-lg tracking-tight">KIRI</a>\n            <div class="flex items-center gap-3">\n    
            <button id="mobile-theme-toggle" class="text-text-tertiary">\n                    <i class="fas 
fa-adjust"></i>\n                </button>\n            </div>\n        </header>\n\n        <!-- Scrollable Content 
-->\n        <main class="flex-1 overflow-y-auto overflow-x-hidden p-4 md:p-8 scroll-smooth" id="main-content">\n      
      <!-- Messages -->\n            \n\n            \n<div class="max-w-3xl mx-auto">\n\n    <!-- Header -->\n    
<div class="mb-8 border-b border-border pb-8 dark:border-dark-border">\n        <h1 class="text-3xl md:text-4xl 
font-display font-bold text-text-primary dark:text-white mb-4 leading-tight">\n            Research Paper\n        
</h1>\n\n        <div class="flex flex-wrap items-center gap-4 text-sm text-text-secondary dark:text-dark-secondary 
mb-6">\n            <a href="/nexus/@author/"\n                class="flex items-center gap-2 hover:text-text-primary 
dark:hover:text-white transition-colors">\n                <div\n                    class="w-6 h-6 rounded-full 
bg-brand text-white flex items-center justify-center text-xs dark:bg-dark-border">\n                    \n             
       A\n                    \n                </div>\n                <span class="font-medium">author</span>\n      
      </a>\n            <span class="text-text-tertiary">\xe2\x80\xa2</span>\n            <span>January 12, 
2026</span>\n            <span class="text-text-tertiary">\xe2\x80\xa2</span>\n            <span class="font-mono 
text-xs bg-bg-tertiary px-2 py-0.5 rounded dark:bg-dark-surface">v{{\n                publication.version }}</span>\n  
          <!-- BibTeX Action -->\n            <button 
onclick="document.getElementById(\'bibtex-modal\').classList.remove(\'hidden\')"\n                class="ml-auto flex 
items-center gap-1 text-xs font-bold text-text-tertiary hover:text-text-primary dark:hover:text-white 
transition-colors">\n                <i class="fas fa-quote-right"></i> Cite\n            </button>\n        
</div>\n\n        <div\n            class="p-4 bg-bg-secondary rounded-lg border-l-4 border-brand-gold italic 
text-text-secondary dark:bg-dark-surface dark:text-dark-secondary">\n            Abstract here.\n        </div>\n\n    
    <!-- BibTeX Modal (Simple) -->\n        <div id="bibtex-modal"\n            class="hidden fixed inset-0 z-50 flex 
items-center justify-center bg-black/50 backdrop-blur-sm p-4"\n            onclick="if(event.target === this) 
this.classList.add(\'hidden\')">\n            <div\n                class="bg-white dark:bg-dark-surface w-full 
max-w-lg rounded-xl shadow-2xl overflow-hidden border border-border dark:border-dark-border">\n                <div\n  
                  class="p-4 border-b border-border dark:border-dark-border flex justify-between items-center 
bg-bg-secondary dark:bg-dark-bg">\n                    <h3 class="font-bold text-sm">BibTeX Citation</h3>\n            
        <button onclick="document.getElementById(\'bibtex-modal\').classList.add(\'hidden\')"\n                        
class="text-text-tertiary hover:text-text-primary dark:hover:text-white"><i\n                            class="fas 
fa-times"></i></button>\n                </div>\n                <div class="p-4">\n                    <pre\n         
               class="bg-gray-100 dark:bg-gray-900 p-3 rounded text-xs font-mono overflow-auto text-gray-800 
dark:text-gray-300 select-all">@article{kiri_1,\n  title = { Research Paper },\n  author = { author },\n  journal = { 
Kiri Research Labs },\n  year = { 2026 },\n  url = { http://testserver/library/research-paper/ }\n}</pre>\n            
    </div>\n            </div>\n        </div>\n    </div>\n\n    <!-- Main Content (Markdown Rendered) -->\n    
<article class="prose prose-zinc dark:prose-invert max-w-none mb-12">\n        <!-- Allows HTML for now, until secure 
markdown filter is added. \n             If sticking to raw, linebreaks is safer but ugly. \n             Using 
\'safe\' for now assuming trusted authors (researchers). \n             Future TODO: Use markdown filter. -->\n        
<p># Markdown content</p>\n    </article>\n\n    <!-- Executable Code Block (If exists) -->\n    \n\n    <!-- 
Discussion -->\n    \n<div id="comments-section" class="mt-12 border-t border-border pt-8 dark:border-dark-border">\n  
  <h3 class="text-xl font-display font-bold mb-6 dark:text-white">Discussion</h3>\n\n    <!-- New Comment Form -->\n   
 \n    <div class="mb-8 p-4 bg-bg-tertiary rounded-lg text-center dark:bg-dark-surface">\n        <p 
class="text-text-secondary dark:text-dark-secondary text-sm">\n            <a 
href="/accounts/login/?next=/library/research-paper/"\n                class="font-bold underline 
hover:text-brand-green">Log in</a> to join the discussion.\n        </p>\n    </div>\n    \n\n    <!-- Comments List 
-->\n    <div id="comments-list" class="space-y-6">\n        \n        <p class="text-text-tertiary text-sm italic 
text-center dark:text-dark-secondary" id="no-comments-msg">No\n            comments yet. Be the first to start the 
conversation.</p>\n        \n    </div>\n</div>\n\n</div>\n\n\n            <!-- Bottom Spacer for Mobile Nav -->\n     
       <div class="h-20 md:hidden"></div>\n        </main>\n\n    </div>\n\n    <!-- Mobile Bottom Nav -->\n    \n<!-- 
Mobile Bottom Navigation -->\n<nav\n    class="md:hidden fixed bottom-0 left-0 right-0 z-50 bg-bg-primary border-t 
border-border shrink-0 py-1 transition-colors dark:bg-dark-bg dark:border-dark-border safe-area-pb">\n    <div 
class="grid grid-cols-4 h-14 items-center">\n        <!-- Home -->\n        <a href="/"\n            class="flex 
flex-col items-center justify-center gap-1 transition-colors\n           text-text-tertiary hover:text-text-primary 
dark:text-dark-secondary dark:hover:text-white">\n            <i class="fas fa-home text-lg"></i>\n            <span 
class="text-[10px] font-medium">Home</span>\n        </a>\n\n        <!-- Colosseum -->\n        <a 
href="/colosseum/"\n            class="flex flex-col items-center justify-center gap-1 transition-colors\n           
text-text-tertiary hover:text-text-primary dark:text-dark-secondary dark:hover:text-white">\n            <i class="fas 
fa-trophy text-lg"></i>\n            <span class="text-[10px] font-medium">Colosseum</span>\n        </a>\n\n        
<!-- Library -->\n        <a href="/library/"\n            class="flex flex-col items-center justify-center gap-1 
transition-colors\n            text-text-tertiary hover:text-text-primary dark:text-dark-secondary 
dark:hover:text-white">\n            <i class="fas fa-book text-lg"></i>\n            <span class="text-[10px] 
font-medium">Library</span>\n        </a>\n\n        <!-- Profile / Login -->\n        \n        <a 
href="/accounts/login/"\n            class="flex flex-col items-center justify-center gap-1 transition-colors 
text-text-tertiary hover:text-text-primary dark:text-dark-secondary dark:hover:text-white">\n            <i class="fas 
fa-sign-in-alt text-lg"></i>\n            <span class="text-[10px] font-medium">Join</span>\n        </a>\n        \n  
  </div>\n</nav>\n\n    <!-- Scripts -->\n    <script src="/static/js/htmx.min.7e9c374d75c2.js" defer></script>\n    
<script>\n        // Simple Theme Toggle Logic\n        const toggleTheme = () => {\n            if 
(document.documentElement.classList.contains(\'dark\')) {\n                
document.documentElement.classList.remove(\'dark\');\n                
document.documentElement.setAttribute(\'data-theme\', \'light\');\n                localStorage.theme = \'light\';\n   
         } else {\n                document.documentElement.classList.add(\'dark\');\n                
document.documentElement.setAttribute(\'data-theme\', \'dark\');\n                localStorage.theme = \'dark\';\n     
       }\n        };\n\n        document.getElementById(\'theme-toggle-sidebar\')?.addEventListener(\'click\', 
toggleTheme);\n        document.getElementById(\'mobile-theme-toggle\')?.addEventListener(\'click\', toggleTheme);\n   
 </script>\n    \n<script src="/static/js/pyodide_runner.ff9d38f553f2.js"></script>\n\n</body>\n\n</html>'

----------------------------------------------------------------------
Ran 2 tests in 6.881s

FAILED (failures=1)
Destroying test database for alias 'default'...

Found 2 test(s).
System check identified no issues (0 silenced).
